// Jest Snapshot v1, https://goo.gl/fbAQLP

exports[`Button component should render correctly 1`] = `
.c0 {
  position: relative;
  display: -webkit-box;
  display: -webkit-flex;
  display: -ms-flexbox;
  display: flex;
  -webkit-align-items: center;
  -webkit-box-align: center;
  -ms-flex-align: center;
  align-items: center;
  -webkit-box-pack: center;
  -webkit-justify-content: center;
  -ms-flex-pack: center;
  justify-content: center;
  width: auto;
  height: 4.4rem;
  border: 0.1rem solid #C9CAC8;
  border-radius: 0.4rem;
  margin: 0;
  padding: 0 1.4rem;
  gap: 1.2rem;
  text-transform: none;
  -webkit-transition: background-color 0.2s, color 0.2s;
  transition: background-color 0.2s, color 0.2s;
  cursor: pointer;
  color: #FDFDFD;
  background-color: #63989F;
  border-color: #4F7A7F;
}

.c0:hover {
  background-color: #82ADB2;
}

.c0 svg {
  color: inherit;
}

.c0:hover {
  background-color: #4F7A7F;
}

.c0 .spin {
  -webkit-animation-name: ieAXeN;
  animation-name: ieAXeN;
  -webkit-animation-duration: 2s;
  animation-duration: 2s;
  -webkit-animation-iteration-count: infinite;
  animation-iteration-count: infinite;
  -webkit-animation-timing-function: linear;
  animation-timing-function: linear;
}

<button
  class="c0"
  type="button"
/>
`;
