// Jest Snapshot v1, https://goo.gl/fbAQLP

exports[`TextArea component should render correctly 1`] = `
.c3 {
  position: relative;
  padding: 0;
  margin: 0;
  font-size: 1.4rem;
  font-weight: 400;
  font-family: 'Roboto',sans-serif;
  line-height: 2.0rem;
  color: #181917;
  text-transform: none;
  box-sizing: border-box;
}

.c0 {
  position: relative;
  width: 100%;
}

.c4 {
  position: absolute;
  bottom: 0.2rem;
  right: 0;
  left: 0;
  display: -webkit-box;
  display: -webkit-flex;
  display: -ms-flexbox;
  display: flex;
  -webkit-align-items: center;
  -webkit-box-align: center;
  -ms-flex-align: center;
  align-items: center;
  width: 100%;
  font-size: 1.2rem;
  font-weight: 400;
  font-family: 'Roboto',sans-serif;
  line-height: 1.6rem;
  margin: auto;
  padding: 0.6rem 1.2rem;
  color: #FDFDFD;
  background-color: #FFD166;
  border-radius: 0;
  border-bottom-left-radius: 0.4rem;
  border-bottom-right-radius: 0.4rem;
  opacity: 0;
  -webkit-transform: translateY(100%);
  -ms-transform: translateY(100%);
  transform: translateY(100%);
  -webkit-transition: opacity 0.5s ease-in-out;
  transition: opacity 0.5s ease-in-out;
  z-index: 0;
}

.c4 svg {
  margin-right: 0.5rem;
}

.c1 {
  position: relative;
  width: 100%;
  padding: 1.6rem;
  background-color: #FDFDFD;
  border: 0.1rem solid #C9CAC8;
  border-radius: 0.4rem;
  -webkit-transition: border-color 0.2s, box-shadow 0.2s;
  transition: border-color 0.2s, box-shadow 0.2s;
  border-radius: 0.4rem;
  font-size: 1.2rem;
  font-weight: 400;
  font-family: 'Roboto',sans-serif;
  line-height: 1.6rem;
  height: 19.2rem;
}

.c1:hover {
  border-color: #949591;
  box-shadow: 1px 0px 3px 0px #E4E5E3;
}

.c2 {
  width: 100%;
  height: 85%;
  padding: 0;
  color: #181917;
  background-color: #FDFDFD;
  border: none;
  resize: none;
  font-size: 1.2rem;
  font-weight: 400;
  font-family: 'Roboto',sans-serif;
  line-height: 1.6rem;
}

<div
  class="c0"
>
  <div
    class="c1"
  >
    <textarea
      class="c2"
      id="test-TextArea"
      maxlength="1000"
      placeholder="Type here..."
    />
    <p
      class="c3"
    >
      0 / 1000
    </p>
    <span
      class="c4"
      data-testid="error-alert"
    >
      <svg
        fill="currentColor"
        height="1em"
        viewBox="0 0 256 256"
        width="1em"
        xmlns="http://www.w3.org/2000/svg"
      >
        <rect
          fill="none"
          height="256"
          width="256"
        />
        <line
          fill="none"
          stroke="currentColor"
          stroke-linecap="round"
          stroke-linejoin="round"
          stroke-width="16"
          x1="128"
          x2="128"
          y1="104"
          y2="144"
        />
        <path
          d="M114.2,40l-88,152A16,16,0,0,0,40,216H216a16,16,0,0,0,13.8-24l-88-152A15.9,15.9,0,0,0,114.2,40Z"
          fill="none"
          stroke="currentColor"
          stroke-linecap="round"
          stroke-linejoin="round"
          stroke-width="16"
        />
        <circle
          cx="128"
          cy="180"
          r="12"
        />
      </svg>
    </span>
  </div>
</div>
`;
